<?xml version="1.0" encoding="utf-8"?>
<?AutomationStudio Version="4.12.2.93"?>
<Objects>
  <Object
    Path="C:\PneuTrunk\pneutrunk_plc_pc_interface\plc\Logical\Package.pkg"
    LogicalPath=""
    Type="Package.ParentUnknown"
    LastWriteTime="133858215620198124" />
  <Object
    Path="C:\PneuTrunk\pneutrunk_plc_pc_interface\plc\Logical\Global.typ"
    LogicalPath="Global.typ"
    Type="File"
    LastWriteTime="133862548855791679"
    Private="false" />
  <Object
    Path="C:\PneuTrunk\pneutrunk_plc_pc_interface\plc\Logical\Global.var"
    LogicalPath="Global.var"
    Type="File"
    LastWriteTime="133858215619880630"
    Private="false" />
  <Object
    Path="C:\PneuTrunk\pneutrunk_plc_pc_interface\plc\Logical\Libraries\Package.pkg"
    LogicalPath="Libraries"
    Type="Package"
    LastWriteTime="133858215620021824" />
  <Object
    Path="C:\PneuTrunk\pneutrunk_plc_pc_interface\plc\Logical\Libraries\operator\binary.lby"
    LogicalPath="Libraries.operator"
    Type="Library"
    LastWriteTime="133858215620159733" />
  <Object
    Path="C:\PneuTrunk\pneutrunk_plc_pc_interface\plc\Logical\Libraries\operator\operator.fun"
    LogicalPath="Libraries.operator.operator.fun"
    Type="File"
    LastWriteTime="133858215620159733"
    Private="false" />
  <Object
    Path="C:\PneuTrunk\pneutrunk_plc_pc_interface\plc\Logical\Libraries\operator\operator.typ"
    LogicalPath="Libraries.operator.operator.typ"
    Type="File"
    LastWriteTime="133858215620159733"
    Private="false" />
  <Object
    Path="C:\PneuTrunk\pneutrunk_plc_pc_interface\plc\Logical\Libraries\operator\operator.var"
    LogicalPath="Libraries.operator.operator.var"
    Type="File"
    LastWriteTime="133858215620159733"
    Private="false" />
  <Object
    Path="C:\PneuTrunk\pneutrunk_plc_pc_interface\plc\Logical\Libraries\runtime\binary.lby"
    LogicalPath="Libraries.runtime"
    Type="Library"
    LastWriteTime="133858215620159733" />
  <Object
    Path="C:\PneuTrunk\pneutrunk_plc_pc_interface\plc\Logical\Libraries\runtime\runtime.fun"
    LogicalPath="Libraries.runtime.runtime.fun"
    Type="File"
    LastWriteTime="133858215620159733"
    Private="false" />
  <Object
    Path="C:\PneuTrunk\pneutrunk_plc_pc_interface\plc\Logical\Libraries\runtime\runtime.typ"
    LogicalPath="Libraries.runtime.runtime.typ"
    Type="File"
    LastWriteTime="133858215620198124"
    Private="false" />
  <Object
    Path="C:\PneuTrunk\pneutrunk_plc_pc_interface\plc\Logical\Libraries\runtime\runtime.var"
    LogicalPath="Libraries.runtime.runtime.var"
    Type="File"
    LastWriteTime="133858215620198124"
    Private="false" />
  <Object
    Path="C:\PneuTrunk\pneutrunk_plc_pc_interface\plc\Logical\Libraries\astime\binary.lby"
    LogicalPath="Libraries.astime"
    Type="Library"
    LastWriteTime="133858215620043291" />
  <Object
    Path="C:\PneuTrunk\pneutrunk_plc_pc_interface\plc\Logical\Libraries\astime\astime.fun"
    LogicalPath="Libraries.astime.astime.fun"
    Type="File"
    LastWriteTime="133858215620043291"
    Private="false" />
  <Object
    Path="C:\PneuTrunk\pneutrunk_plc_pc_interface\plc\Logical\Libraries\astime\astime.typ"
    LogicalPath="Libraries.astime.astime.typ"
    Type="File"
    LastWriteTime="133858215620043291"
    Private="false" />
  <Object
    Path="C:\PneuTrunk\pneutrunk_plc_pc_interface\plc\Logical\Libraries\astime\astime.var"
    LogicalPath="Libraries.astime.astime.var"
    Type="File"
    LastWriteTime="133858215620043291"
    Private="false" />
  <Object
    Path="C:\PneuTrunk\pneutrunk_plc_pc_interface\plc\Logical\Libraries\AsIecCon\binary.lby"
    LogicalPath="Libraries.AsIecCon"
    Type="Library"
    LastWriteTime="133858215619940008" />
  <Object
    Path="C:\PneuTrunk\pneutrunk_plc_pc_interface\plc\Logical\Libraries\AsIecCon\AsIecCon.fun"
    LogicalPath="Libraries.AsIecCon.AsIecCon.fun"
    Type="File"
    LastWriteTime="133858215619926395"
    Private="false" />
  <Object
    Path="C:\PneuTrunk\pneutrunk_plc_pc_interface\plc\Logical\Libraries\AsIecCon\AsIecCon.typ"
    LogicalPath="Libraries.AsIecCon.AsIecCon.typ"
    Type="File"
    LastWriteTime="133858215619926395"
    Private="false" />
  <Object
    Path="C:\PneuTrunk\pneutrunk_plc_pc_interface\plc\Logical\Libraries\AsIecCon\AsIecCon.var"
    LogicalPath="Libraries.AsIecCon.AsIecCon.var"
    Type="File"
    LastWriteTime="133858215619926395"
    Private="false" />
  <Object
    Path="C:\PneuTrunk\pneutrunk_plc_pc_interface\plc\Logical\Libraries\AsUDP\binary.lby"
    LogicalPath="Libraries.AsUDP"
    Type="Library"
    LastWriteTime="133858215620021824" />
  <Object
    Path="C:\PneuTrunk\pneutrunk_plc_pc_interface\plc\Logical\Libraries\AsUDP\AsUDP.fun"
    LogicalPath="Libraries.AsUDP.AsUDP.fun"
    Type="File"
    LastWriteTime="133858215619981031"
    Private="false" />
  <Object
    Path="C:\PneuTrunk\pneutrunk_plc_pc_interface\plc\Logical\Libraries\AsUDP\AsUDP.typ"
    LogicalPath="Libraries.AsUDP.AsUDP.typ"
    Type="File"
    LastWriteTime="133858215619996968"
    Private="false" />
  <Object
    Path="C:\PneuTrunk\pneutrunk_plc_pc_interface\plc\Logical\Libraries\AsUDP\AsUDP.var"
    LogicalPath="Libraries.AsUDP.AsUDP.var"
    Type="File"
    LastWriteTime="133858215619996968"
    Private="false" />
  <Object
    Path="C:\PneuTrunk\pneutrunk_plc_pc_interface\plc\Logical\Libraries\asstring\binary.lby"
    LogicalPath="Libraries.asstring"
    Type="Library"
    LastWriteTime="133858215620043291" />
  <Object
    Path="C:\PneuTrunk\pneutrunk_plc_pc_interface\plc\Logical\Libraries\asstring\asstring.fun"
    LogicalPath="Libraries.asstring.asstring.fun"
    Type="File"
    LastWriteTime="133858215620043291"
    Private="false" />
  <Object
    Path="C:\PneuTrunk\pneutrunk_plc_pc_interface\plc\Logical\Libraries\asstring\asstring.typ"
    LogicalPath="Libraries.asstring.asstring.typ"
    Type="File"
    LastWriteTime="133858215620043291"
    Private="false" />
  <Object
    Path="C:\PneuTrunk\pneutrunk_plc_pc_interface\plc\Logical\Libraries\asstring\asstring.var"
    LogicalPath="Libraries.asstring.asstring.var"
    Type="File"
    LastWriteTime="133858215620043291"
    Private="false" />
  <Object
    Path="C:\PneuTrunk\pneutrunk_plc_pc_interface\plc\Logical\Libraries\standard\binary.lby"
    LogicalPath="Libraries.standard"
    Type="Library"
    LastWriteTime="133858215620198124" />
  <Object
    Path="C:\PneuTrunk\pneutrunk_plc_pc_interface\plc\Logical\Libraries\standard\standard.fun"
    LogicalPath="Libraries.standard.standard.fun"
    Type="File"
    LastWriteTime="133858215620198124"
    Private="false" />
  <Object
    Path="C:\PneuTrunk\pneutrunk_plc_pc_interface\plc\Logical\Libraries\standard\standard.typ"
    LogicalPath="Libraries.standard.standard.typ"
    Type="File"
    LastWriteTime="133858215620198124"
    Private="false" />
  <Object
    Path="C:\PneuTrunk\pneutrunk_plc_pc_interface\plc\Logical\Libraries\standard\standard.var"
    LogicalPath="Libraries.standard.standard.var"
    Type="File"
    LastWriteTime="133858215620198124"
    Private="false" />
  <Object
    Path="C:\PneuTrunk\pneutrunk_plc_pc_interface\plc\Logical\Libraries\sys_lib\binary.lby"
    LogicalPath="Libraries.sys_lib"
    Type="Library"
    LastWriteTime="133858215620198124" />
  <Object
    Path="C:\PneuTrunk\pneutrunk_plc_pc_interface\plc\Logical\Libraries\sys_lib\sys_lib.fun"
    LogicalPath="Libraries.sys_lib.sys_lib.fun"
    Type="File"
    LastWriteTime="133858215620198124"
    Private="false" />
  <Object
    Path="C:\PneuTrunk\pneutrunk_plc_pc_interface\plc\Logical\Libraries\sys_lib\sys_lib.typ"
    LogicalPath="Libraries.sys_lib.sys_lib.typ"
    Type="File"
    LastWriteTime="133858215620198124"
    Private="false" />
  <Object
    Path="C:\PneuTrunk\pneutrunk_plc_pc_interface\plc\Logical\Libraries\sys_lib\sys_lib.var"
    LogicalPath="Libraries.sys_lib.sys_lib.var"
    Type="File"
    LastWriteTime="133858215620198124"
    Private="false" />
  <Object
    Path="C:\PneuTrunk\pneutrunk_plc_pc_interface\plc\Logical\Libraries\brsystem\binary.lby"
    LogicalPath="Libraries.brsystem"
    Type="Library"
    LastWriteTime="133858215620043291" />
  <Object
    Path="C:\PneuTrunk\pneutrunk_plc_pc_interface\plc\Logical\Libraries\brsystem\brsystem.fun"
    LogicalPath="Libraries.brsystem.brsystem.fun"
    Type="File"
    LastWriteTime="133858215620043291"
    Private="false" />
  <Object
    Path="C:\PneuTrunk\pneutrunk_plc_pc_interface\plc\Logical\Libraries\brsystem\brsystem.typ"
    LogicalPath="Libraries.brsystem.brsystem.typ"
    Type="File"
    LastWriteTime="133858215620043291"
    Private="false" />
  <Object
    Path="C:\PneuTrunk\pneutrunk_plc_pc_interface\plc\Logical\Libraries\brsystem\brsystem.var"
    LogicalPath="Libraries.brsystem.brsystem.var"
    Type="File"
    LastWriteTime="133858215620117785"
    Private="false" />
  <Object
    Path="C:\PneuTrunk\pneutrunk_plc_pc_interface\plc\Logical\Libraries\dvframe\binary.lby"
    LogicalPath="Libraries.dvframe"
    Type="Library"
    LastWriteTime="133858215620117785" />
  <Object
    Path="C:\PneuTrunk\pneutrunk_plc_pc_interface\plc\Logical\Libraries\dvframe\dvframe.fun"
    LogicalPath="Libraries.dvframe.dvframe.fun"
    Type="File"
    LastWriteTime="133858215620117785"
    Private="false" />
  <Object
    Path="C:\PneuTrunk\pneutrunk_plc_pc_interface\plc\Logical\Libraries\dvframe\dvframe.typ"
    LogicalPath="Libraries.dvframe.dvframe.typ"
    Type="File"
    LastWriteTime="133858215620117785"
    Private="false" />
  <Object
    Path="C:\PneuTrunk\pneutrunk_plc_pc_interface\plc\Logical\Libraries\dvframe\dvframe.var"
    LogicalPath="Libraries.dvframe.dvframe.var"
    Type="File"
    LastWriteTime="133858215620117785"
    Private="false" />
  <Object
    Path="C:\PneuTrunk\pneutrunk_plc_pc_interface\plc\Logical\Libraries\AsArLog\binary.lby"
    LogicalPath="Libraries.AsArLog"
    Type="Library"
    LastWriteTime="133858215619912330" />
  <Object
    Path="C:\PneuTrunk\pneutrunk_plc_pc_interface\plc\Logical\Libraries\AsArLog\AsArLog.fun"
    LogicalPath="Libraries.AsArLog.AsArLog.fun"
    Type="File"
    LastWriteTime="133858215619899076"
    Private="false" />
  <Object
    Path="C:\PneuTrunk\pneutrunk_plc_pc_interface\plc\Logical\Libraries\AsArLog\AsArLog.typ"
    LogicalPath="Libraries.AsArLog.AsArLog.typ"
    Type="File"
    LastWriteTime="133858215619899076"
    Private="false" />
  <Object
    Path="C:\PneuTrunk\pneutrunk_plc_pc_interface\plc\Logical\Libraries\AsArLog\AsArLog.var"
    LogicalPath="Libraries.AsArLog.AsArLog.var"
    Type="File"
    LastWriteTime="133858215619899076"
    Private="false" />
  <Object
    Path="C:\PneuTrunk\pneutrunk_plc_pc_interface\plc\Logical\Libraries\AsTCP\binary.lby"
    LogicalPath="Libraries.AsTCP"
    Type="Library"
    LastWriteTime="133858215619981031" />
  <Object
    Path="C:\PneuTrunk\pneutrunk_plc_pc_interface\plc\Logical\Libraries\AsTCP\AsTCP.fun"
    LogicalPath="Libraries.AsTCP.AsTCP.fun"
    Type="File"
    LastWriteTime="133858215619940008"
    Private="false" />
  <Object
    Path="C:\PneuTrunk\pneutrunk_plc_pc_interface\plc\Logical\Libraries\AsTCP\AsTCP.typ"
    LogicalPath="Libraries.AsTCP.AsTCP.typ"
    Type="File"
    LastWriteTime="133858215619960697"
    Private="false" />
  <Object
    Path="C:\PneuTrunk\pneutrunk_plc_pc_interface\plc\Logical\Libraries\AsTCP\AsTCP.var"
    LogicalPath="Libraries.AsTCP.AsTCP.var"
    Type="File"
    LastWriteTime="133858215619966182"
    Private="false" />
  <Object
    Path="C:\PneuTrunk\pneutrunk_plc_pc_interface\plc\Logical\Source\Package.pkg"
    LogicalPath="Source"
    Type="Package"
    LastWriteTime="133858215620302515" />
  <Object
    Path="C:\PneuTrunk\pneutrunk_plc_pc_interface\plc\Logical\Source\UDP\Package.pkg"
    LogicalPath="Source.UDP"
    Type="Package"
    LastWriteTime="133858215620393761" />
  <Object
    Path="C:\PneuTrunk\pneutrunk_plc_pc_interface\plc\Logical\Source\UDP\LibAsUDP1_ST.typ"
    LogicalPath="Source.UDP.LibAsUDP1_ST.typ"
    Type="File"
    LastWriteTime="133861708683406239"
    Private="false" />
  <Object
    Path="C:\PneuTrunk\pneutrunk_plc_pc_interface\plc\Logical\Source\UDP\LibAsUDP1_ST.var"
    LogicalPath="Source.UDP.LibAsUDP1_ST.var"
    Type="File"
    LastWriteTime="133858215620393761"
    Private="false" />
  <Object
    Path="C:\PneuTrunk\pneutrunk_plc_pc_interface\plc\Logical\Source\UDP\Server\IEC.prg"
    LogicalPath="Source.UDP.Server"
    Type="Program"
    LastWriteTime="133858215620409927" />
  <Object
    Path="C:\PneuTrunk\pneutrunk_plc_pc_interface\plc\Logical\Source\UDP\Server\Server.st"
    LogicalPath="Source.UDP.Server.Server.st"
    Type="File"
    LastWriteTime="133862550674034709"
    Private="false" />
  <Object
    Path="C:\PneuTrunk\pneutrunk_plc_pc_interface\plc\Logical\Source\UDP\Server\Server.typ"
    LogicalPath="Source.UDP.Server.Server.typ"
    Type="File"
    LastWriteTime="133858215620417867"
    Private="true" />
  <Object
    Path="C:\PneuTrunk\pneutrunk_plc_pc_interface\plc\Logical\Source\UDP\Server\Server.var"
    LogicalPath="Source.UDP.Server.Server.var"
    Type="File"
    LastWriteTime="133858215620422613"
    Private="true" />
  <Object
    Path="C:\PneuTrunk\pneutrunk_plc_pc_interface\plc\Logical\Source\UDP\Client\IEC.prg"
    LogicalPath="Source.UDP.Client"
    Type="Program"
    LastWriteTime="133858215620393761" />
  <Object
    Path="C:\PneuTrunk\pneutrunk_plc_pc_interface\plc\Logical\Source\UDP\Client\Client.st"
    LogicalPath="Source.UDP.Client.Client.st"
    Type="File"
    LastWriteTime="133861724914706491"
    Private="false" />
  <Object
    Path="C:\PneuTrunk\pneutrunk_plc_pc_interface\plc\Logical\Source\UDP\Client\Client.typ"
    LogicalPath="Source.UDP.Client.Client.typ"
    Type="File"
    LastWriteTime="133858215620384440"
    Private="true" />
  <Object
    Path="C:\PneuTrunk\pneutrunk_plc_pc_interface\plc\Logical\Source\UDP\Client\Client.var"
    LogicalPath="Source.UDP.Client.Client.var"
    Type="File"
    LastWriteTime="133858261396173167"
    Private="true" />
  <Object
    Path="C:\PneuTrunk\pneutrunk_plc_pc_interface\plc\Logical\Source\RS485\Package.pkg"
    LogicalPath="Source.RS485"
    Type="Package"
    LastWriteTime="133858215620312326" />
  <Object
    Path="C:\PneuTrunk\pneutrunk_plc_pc_interface\plc\Logical\Source\RS485\Sender\IEC.prg"
    LogicalPath="Source.RS485.Sender"
    Type="Program"
    LastWriteTime="133858215620333978" />
  <Object
    Path="C:\PneuTrunk\pneutrunk_plc_pc_interface\plc\Logical\Source\RS485\Sender\SenderCyclic.st"
    LogicalPath="Source.RS485.Sender.SenderCyclic.st"
    Type="File"
    LastWriteTime="133858215620333978"
    Private="false" />
  <Object
    Path="C:\PneuTrunk\pneutrunk_plc_pc_interface\plc\Logical\Source\RS485\Sender\Sender.typ"
    LogicalPath="Source.RS485.Sender.Sender.typ"
    Type="File"
    LastWriteTime="133858215620333978"
    Private="true" />
  <Object
    Path="C:\PneuTrunk\pneutrunk_plc_pc_interface\plc\Logical\Source\RS485\Sender\Sender.var"
    LogicalPath="Source.RS485.Sender.Sender.var"
    Type="File"
    LastWriteTime="133858215620333978"
    Private="true" />
  <Object
    Path="C:\PneuTrunk\pneutrunk_plc_pc_interface\plc\Logical\Source\RS485\Receiver\IEC.prg"
    LogicalPath="Source.RS485.Receiver"
    Type="Program"
    LastWriteTime="133858215620318021" />
  <Object
    Path="C:\PneuTrunk\pneutrunk_plc_pc_interface\plc\Logical\Source\RS485\Receiver\ReceiverCyclic.st"
    LogicalPath="Source.RS485.Receiver.ReceiverCyclic.st"
    Type="File"
    LastWriteTime="133858254581162864"
    Private="false" />
  <Object
    Path="C:\PneuTrunk\pneutrunk_plc_pc_interface\plc\Logical\Source\RS485\Receiver\Receiver.typ"
    LogicalPath="Source.RS485.Receiver.Receiver.typ"
    Type="File"
    LastWriteTime="133858215620318021"
    Private="true" />
  <Object
    Path="C:\PneuTrunk\pneutrunk_plc_pc_interface\plc\Logical\Source\RS485\Receiver\Receiver.var"
    LogicalPath="Source.RS485.Receiver.Receiver.var"
    Type="File"
    LastWriteTime="133858215620325506"
    Private="true" />
  <Object
    Path="C:\PneuTrunk\pneutrunk_plc_pc_interface\plc\Logical\Source\riadenie.var"
    LogicalPath="Source.riadenie.var"
    Type="File"
    LastWriteTime="133858215620422613"
    Private="false" />
  <Object
    Path="C:\PneuTrunk\pneutrunk_plc_pc_interface\plc\Logical\Source\Narazy\IEC.prg"
    LogicalPath="Source.Narazy"
    Type="Program"
    LastWriteTime="133858215620279597" />
  <Object
    Path="C:\PneuTrunk\pneutrunk_plc_pc_interface\plc\Logical\Source\Narazy\Cyclic.st"
    LogicalPath="Source.Narazy.Cyclic.st"
    Type="File"
    LastWriteTime="133858215620279597"
    Private="false" />
  <Object
    Path="C:\PneuTrunk\pneutrunk_plc_pc_interface\plc\Logical\Source\Narazy\Init.st"
    LogicalPath="Source.Narazy.Init.st"
    Type="File"
    LastWriteTime="133858215620279597"
    Private="false" />
  <Object
    Path="C:\PneuTrunk\pneutrunk_plc_pc_interface\plc\Logical\Source\Narazy\Exit.st"
    LogicalPath="Source.Narazy.Exit.st"
    Type="File"
    LastWriteTime="133858215620279597"
    Private="false" />
  <Object
    Path="C:\PneuTrunk\pneutrunk_plc_pc_interface\plc\Logical\Source\Narazy\Types.typ"
    LogicalPath="Source.Narazy.Types.typ"
    Type="File"
    LastWriteTime="133858215620297201"
    Private="true" />
  <Object
    Path="C:\PneuTrunk\pneutrunk_plc_pc_interface\plc\Logical\Source\Narazy\Variables.var"
    LogicalPath="Source.Narazy.Variables.var"
    Type="File"
    LastWriteTime="133858215620302515"
    Private="true" />
  <Object
    Path="C:\PneuTrunk\pneutrunk_plc_pc_interface\plc\Logical\Source\Sensors\IEC.prg"
    LogicalPath="Source.Sensors"
    Type="Program"
    LastWriteTime="133858215620333978" />
  <Object
    Path="C:\PneuTrunk\pneutrunk_plc_pc_interface\plc\Logical\Source\Sensors\Cyclic.st"
    LogicalPath="Source.Sensors.Cyclic.st"
    Type="File"
    LastWriteTime="133858215620333978"
    Private="false" />
  <Object
    Path="C:\PneuTrunk\pneutrunk_plc_pc_interface\plc\Logical\Source\Sensors\Init.st"
    LogicalPath="Source.Sensors.Init.st"
    Type="File"
    LastWriteTime="133858215620333978"
    Private="false" />
  <Object
    Path="C:\PneuTrunk\pneutrunk_plc_pc_interface\plc\Logical\Source\Sensors\Exit.st"
    LogicalPath="Source.Sensors.Exit.st"
    Type="File"
    LastWriteTime="133858215620333978"
    Private="false" />
  <Object
    Path="C:\PneuTrunk\pneutrunk_plc_pc_interface\plc\Logical\Source\Sensors\Types.typ"
    LogicalPath="Source.Sensors.Types.typ"
    Type="File"
    LastWriteTime="133858215620364238"
    Private="true" />
  <Object
    Path="C:\PneuTrunk\pneutrunk_plc_pc_interface\plc\Logical\Source\Sensors\Variables.var"
    LogicalPath="Source.Sensors.Variables.var"
    Type="File"
    LastWriteTime="133858215620364238"
    Private="true" />
  <Object
    Path="C:\PneuTrunk\pneutrunk_plc_pc_interface\plc\Physical\Config1\Config.pkg"
    LogicalPath="Config1"
    Type="Configuration.ParentUnknown"
    LastWriteTime="133858215620431210" />
  <Object
    Path="C:\PneuTrunk\pneutrunk_plc_pc_interface\plc\Physical\Config1\Hardware.hw"
    LogicalPath="Config1.Hardware.hw"
    Type="File"
    LastWriteTime="133861734643905320"
    Private="false" />
  <Object
    Path="C:\PneuTrunk\pneutrunk_plc_pc_interface\plc\Physical\Config1\Hardware.hwl"
    LogicalPath="Config1.Hardware.hwl"
    Type="File"
    LastWriteTime="133858215620441266"
    Private="false" />
  <Object
    Path="C:\PneuTrunk\pneutrunk_plc_pc_interface\plc\Physical\Config1\X20CP1684\Cpu.pkg"
    LogicalPath="Config1.X20CP1684"
    Type="Cpu"
    LastWriteTime="133862569639188712" />
  <Object
    Path="C:\PneuTrunk\pneutrunk_plc_pc_interface\plc\Physical\Config1\X20CP1684\Cpu.sw"
    LogicalPath="Config1.X20CP1684.Cpu.sw"
    Type="File"
    LastWriteTime="133861735293787637"
    Private="false" />
  <Object
    Path="C:\PneuTrunk\pneutrunk_plc_pc_interface\plc\Physical\Config1\X20CP1684\Cpu.per"
    LogicalPath="Config1.X20CP1684.Cpu.per"
    Type="File"
    LastWriteTime="133858215620526620"
    Private="false" />
  <Object
    Path="C:\PneuTrunk\pneutrunk_plc_pc_interface\plc\Physical\Config1\X20CP1684\IoMap.iom"
    LogicalPath="Config1.X20CP1684.IoMap.iom"
    Type="File"
    LastWriteTime="133862571072042413"
    Private="false" />
  <Object
    Path="C:\PneuTrunk\pneutrunk_plc_pc_interface\plc\Physical\Config1\X20CP1684\PvMap.vvm"
    LogicalPath="Config1.X20CP1684.PvMap.vvm"
    Type="File"
    LastWriteTime="133858215620526620"
    Private="false" />
  <Object
    Path="C:\PneuTrunk\pneutrunk_plc_pc_interface\plc\Physical\Config1\X20CP1684\Connectivity\Package.pkg"
    LogicalPath="Config1.X20CP1684.Connectivity"
    Type="Package"
    LastWriteTime="133858215620526620" />
  <Object
    Path="C:\PneuTrunk\pneutrunk_plc_pc_interface\plc\Physical\Config1\X20CP1684\Connectivity\OpcUA\Package.pkg"
    LogicalPath="Config1.X20CP1684.Connectivity.OpcUA"
    Type="Package"
    LastWriteTime="133858215620526620" />
  <Object
    Path="C:\PneuTrunk\pneutrunk_plc_pc_interface\plc\Physical\Config1\X20CP1684\TextSystem\Package.pkg"
    LogicalPath="Config1.X20CP1684.TextSystem"
    Type="Package"
    LastWriteTime="133858215620526620" />
  <Object
    Path="C:\PneuTrunk\pneutrunk_plc_pc_interface\plc\Physical\Config1\X20CP1684\UnitSystem\Package.pkg"
    LogicalPath="Config1.X20CP1684.UnitSystem"
    Type="Package"
    LastWriteTime="133858215620603195" />
  <Object
    Path="C:\PneuTrunk\pneutrunk_plc_pc_interface\plc\Physical\Config1\X20CP1684\AccessAndSecurity\Package.pkg"
    LogicalPath="Config1.X20CP1684.AccessAndSecurity"
    Type="Package"
    LastWriteTime="133858215620526620" />
  <Object
    Path="C:\PneuTrunk\pneutrunk_plc_pc_interface\plc\Physical\Config1\X20CP1684\AccessAndSecurity\UserRoleSystem\Package.pkg"
    LogicalPath="Config1.X20CP1684.AccessAndSecurity.UserRoleSystem"
    Type="Package"
    LastWriteTime="133858215620526620" />
  <Object
    Path="C:\PneuTrunk\pneutrunk_plc_pc_interface\plc\Physical\Config1\X20CP1684\AccessAndSecurity\UserRoleSystem\Role.role"
    LogicalPath="Config1.X20CP1684.AccessAndSecurity.UserRoleSystem.Role.role"
    Type="File"
    LastWriteTime="133858215620526620"
    Private="false" />
  <Object
    Path="C:\PneuTrunk\pneutrunk_plc_pc_interface\plc\Physical\Config1\X20CP1684\AccessAndSecurity\UserRoleSystem\User.user"
    LogicalPath="Config1.X20CP1684.AccessAndSecurity.UserRoleSystem.User.user"
    Type="File"
    LastWriteTime="133858215620526620"
    Private="false" />
  <Object
    Path="C:\PneuTrunk\pneutrunk_plc_pc_interface\plc\Physical\Config1\X20CP1684\AccessAndSecurity\CertificateStore\Package.pkg"
    LogicalPath="Config1.X20CP1684.AccessAndSecurity.CertificateStore"
    Type="Package"
    LastWriteTime="133858215620441266" />
  <Object
    Path="C:\PneuTrunk\pneutrunk_plc_pc_interface\plc\Physical\Config1\X20CP1684\AccessAndSecurity\CertificateStore\OwnCertificates\Package.pkg"
    LogicalPath="Config1.X20CP1684.AccessAndSecurity.CertificateStore.OwnCertificates"
    Type="Package"
    LastWriteTime="133858215620441266" />
  <Object
    Path="C:\PneuTrunk\pneutrunk_plc_pc_interface\plc\Physical\Config1\X20CP1684\AccessAndSecurity\CertificateStore\OwnCertificates\Certificates\Package.pkg"
    LogicalPath="Config1.X20CP1684.AccessAndSecurity.CertificateStore.OwnCertificates.Certificates"
    Type="Package"
    LastWriteTime="133858215620441266" />
  <Object
    Path="C:\PneuTrunk\pneutrunk_plc_pc_interface\plc\Physical\Config1\X20CP1684\AccessAndSecurity\CertificateStore\OwnCertificates\PrivateKeys\Package.pkg"
    LogicalPath="Config1.X20CP1684.AccessAndSecurity.CertificateStore.OwnCertificates.PrivateKeys"
    Type="Package"
    LastWriteTime="133858215620441266" />
  <Object
    Path="C:\PneuTrunk\pneutrunk_plc_pc_interface\plc\Physical\Config1\X20CP1684\AccessAndSecurity\CertificateStore\ThirdPartyCertificates\Package.pkg"
    LogicalPath="Config1.X20CP1684.AccessAndSecurity.CertificateStore.ThirdPartyCertificates"
    Type="Package"
    LastWriteTime="133858215620441266" />
  <Object
    Path="C:\PneuTrunk\pneutrunk_plc_pc_interface\plc\Physical\Config1\X20CP1684\AccessAndSecurity\CertificateStore\ThirdPartyCertificates\SoftwareCertificates\Package.pkg"
    LogicalPath="Config1.X20CP1684.AccessAndSecurity.CertificateStore.ThirdPartyCertificates.SoftwareCertificates"
    Type="Package"
    LastWriteTime="133858215620526620" />
  <Object
    Path="C:\PneuTrunk\pneutrunk_plc_pc_interface\plc\Physical\Config1\X20CP1684\AccessAndSecurity\CertificateStore\CertificateRevocationLists\Package.pkg"
    LogicalPath="Config1.X20CP1684.AccessAndSecurity.CertificateStore.CertificateRevocationLists"
    Type="Package"
    LastWriteTime="133858215620441266" />
  <Object
    Path="C:\PneuTrunk\pneutrunk_plc_pc_interface\plc\Physical\Config1\X20CP1684\AccessAndSecurity\CertificateStore\CertificateSigningRequests\Package.pkg"
    LogicalPath="Config1.X20CP1684.AccessAndSecurity.CertificateStore.CertificateSigningRequests"
    Type="Package"
    LastWriteTime="133858215620441266" />
  <Object
    Path="C:\PneuTrunk\pneutrunk_plc_pc_interface\plc\Physical\Config1\X20CP1684\AccessAndSecurity\TransportLayerSecurity\Package.pkg"
    LogicalPath="Config1.X20CP1684.AccessAndSecurity.TransportLayerSecurity"
    Type="Package"
    LastWriteTime="133858215620526620" />
  <Object
    Path="C:\PneuTrunk\pneutrunk_plc_pc_interface\plc\Physical\Config1\X20CP1684\AccessAndSecurity\Firewall\Package.pkg"
    LogicalPath="Config1.X20CP1684.AccessAndSecurity.Firewall"
    Type="Package"
    LastWriteTime="133858215620526620" />
  <Object
    Path="C:\PneuTrunk\pneutrunk_plc_pc_interface\plc\Physical\Config1\X20CP1684\AccessAndSecurity\Firewall\Rules.firewallRules"
    LogicalPath="Config1.X20CP1684.AccessAndSecurity.Firewall.Rules.firewallRules"
    Type="File"
    LastWriteTime="133858215620526620"
    Private="false" />
  <Object
    Path="C:\PneuTrunk\pneutrunk_plc_pc_interface\plc\Physical\Config1\X20CP1684\mappControl\Package.pkg"
    LogicalPath="Config1.X20CP1684.mappControl"
    Type="Package"
    LastWriteTime="133858215620603195" />
  <Object
    Path="C:\PneuTrunk\pneutrunk_plc_pc_interface\plc\Physical\Config1\X20CP1684\mappMotion\Package.pkg"
    LogicalPath="Config1.X20CP1684.mappMotion"
    Type="Package"
    LastWriteTime="133858215620603195" />
  <Object
    Path="C:\PneuTrunk\pneutrunk_plc_pc_interface\plc\Physical\Config1\X20CP1684\mappServices\Package.pkg"
    LogicalPath="Config1.X20CP1684.mappServices"
    Type="Package"
    LastWriteTime="133858215620603195" />
  <Object
    Path="C:\PneuTrunk\pneutrunk_plc_pc_interface\plc\Physical\Config1\X20CP1684\mappSafety\Package.pkg"
    LogicalPath="Config1.X20CP1684.mappSafety"
    Type="Package"
    LastWriteTime="133858215620603195" />
  <Object
    Path="C:\PneuTrunk\pneutrunk_plc_pc_interface\plc\Physical\Config1\X20CP1684\mappSafety\SafeApplication\Package.pkg"
    LogicalPath="Config1.X20CP1684.mappSafety.SafeApplication"
    Type="Package"
    LastWriteTime="133858215620603195" />
  <Object
    Path="C:\PneuTrunk\pneutrunk_plc_pc_interface\plc\Physical\Config1\X20CP1684\mappSafety\SafeCommissioning\Package.pkg"
    LogicalPath="Config1.X20CP1684.mappSafety.SafeCommissioning"
    Type="Package"
    LastWriteTime="133858215620603195" />
  <Object
    Path="C:\PneuTrunk\pneutrunk_plc_pc_interface\plc\Physical\Config1\X20CP1684\mappView\Package.pkg"
    LogicalPath="Config1.X20CP1684.mappView"
    Type="Package"
    LastWriteTime="133858215620603195" />
  <Object
    Path="C:\PneuTrunk\pneutrunk_plc_pc_interface\plc\Physical\Config1\X20CP1684\mappVision\Package.pkg"
    LogicalPath="Config1.X20CP1684.mappVision"
    Type="Package"
    LastWriteTime="133858215620603195" />
  <Object
    Path="C:\PneuTrunk\pneutrunk_plc_pc_interface\plc\Physical\Config1\X20CP1684\mappCockpit\Package.pkg"
    LogicalPath="Config1.X20CP1684.mappCockpit"
    Type="Package"
    LastWriteTime="133858215620603195" />
  <Object
    Path="C:\PneuTrunk\pneutrunk_plc_pc_interface\plc\Physical\Config1\Hardware.jpg"
    LogicalPath="Config1.Hardware.jpg"
    Type="File"
    LastWriteTime="133858215620441266"
    Private="false" />
</Objects>