C:\Users\km_2\Desktop\Pneutrunk PLC\pneutrunk_V8_final_RAL\Logical\Global.typ
C:\Users\km_2\Desktop\Pneutrunk PLC\pneutrunk_V8_final_RAL\Logical\Global.var
C:\Users\km_2\Desktop\Pneutrunk PLC\pneutrunk_V8_final_RAL\Logical\Libraries\operator\operator.fun
C:\Users\km_2\Desktop\Pneutrunk PLC\pneutrunk_V8_final_RAL\Logical\Libraries\operator\operator.typ
C:\Users\km_2\Desktop\Pneutrunk PLC\pneutrunk_V8_final_RAL\Logical\Libraries\operator\operator.var
C:\Users\km_2\Desktop\Pneutrunk PLC\pneutrunk_V8_final_RAL\Logical\Libraries\runtime\runtime.fun
C:\Users\km_2\Desktop\Pneutrunk PLC\pneutrunk_V8_final_RAL\Logical\Libraries\runtime\runtime.typ
C:\Users\km_2\Desktop\Pneutrunk PLC\pneutrunk_V8_final_RAL\Logical\Libraries\runtime\runtime.var
C:\Users\km_2\Desktop\Pneutrunk PLC\pneutrunk_V8_final_RAL\Logical\Libraries\astime\astime.fun
C:\Users\km_2\Desktop\Pneutrunk PLC\pneutrunk_V8_final_RAL\Logical\Libraries\astime\astime.typ
C:\Users\km_2\Desktop\Pneutrunk PLC\pneutrunk_V8_final_RAL\Logical\Libraries\astime\astime.var
C:\Users\km_2\Desktop\Pneutrunk PLC\pneutrunk_V8_final_RAL\Logical\Libraries\AsIecCon\AsIecCon.fun
C:\Users\km_2\Desktop\Pneutrunk PLC\pneutrunk_V8_final_RAL\Logical\Libraries\AsIecCon\AsIecCon.typ
C:\Users\km_2\Desktop\Pneutrunk PLC\pneutrunk_V8_final_RAL\Logical\Libraries\AsIecCon\AsIecCon.var
C:\Users\km_2\Desktop\Pneutrunk PLC\pneutrunk_V8_final_RAL\Logical\Libraries\AsUDP\AsUDP.fun
C:\Users\km_2\Desktop\Pneutrunk PLC\pneutrunk_V8_final_RAL\Logical\Libraries\AsUDP\AsUDP.typ
C:\Users\km_2\Desktop\Pneutrunk PLC\pneutrunk_V8_final_RAL\Logical\Libraries\AsUDP\AsUDP.var
C:\Users\km_2\Desktop\Pneutrunk PLC\pneutrunk_V8_final_RAL\Logical\Libraries\asstring\asstring.fun
C:\Users\km_2\Desktop\Pneutrunk PLC\pneutrunk_V8_final_RAL\Logical\Libraries\asstring\asstring.typ
C:\Users\km_2\Desktop\Pneutrunk PLC\pneutrunk_V8_final_RAL\Logical\Libraries\asstring\asstring.var
C:\Users\km_2\Desktop\Pneutrunk PLC\pneutrunk_V8_final_RAL\Logical\Libraries\standard\standard.fun
C:\Users\km_2\Desktop\Pneutrunk PLC\pneutrunk_V8_final_RAL\Logical\Libraries\standard\standard.typ
C:\Users\km_2\Desktop\Pneutrunk PLC\pneutrunk_V8_final_RAL\Logical\Libraries\standard\standard.var
C:\Users\km_2\Desktop\Pneutrunk PLC\pneutrunk_V8_final_RAL\Logical\Libraries\sys_lib\sys_lib.fun
C:\Users\km_2\Desktop\Pneutrunk PLC\pneutrunk_V8_final_RAL\Logical\Libraries\sys_lib\sys_lib.typ
C:\Users\km_2\Desktop\Pneutrunk PLC\pneutrunk_V8_final_RAL\Logical\Libraries\sys_lib\sys_lib.var
C:\Users\km_2\Desktop\Pneutrunk PLC\pneutrunk_V8_final_RAL\Logical\Libraries\brsystem\brsystem.fun
C:\Users\km_2\Desktop\Pneutrunk PLC\pneutrunk_V8_final_RAL\Logical\Libraries\brsystem\brsystem.typ
C:\Users\km_2\Desktop\Pneutrunk PLC\pneutrunk_V8_final_RAL\Logical\Libraries\brsystem\brsystem.var
C:\Users\km_2\Desktop\Pneutrunk PLC\pneutrunk_V8_final_RAL\Logical\Libraries\dvframe\dvframe.fun
C:\Users\km_2\Desktop\Pneutrunk PLC\pneutrunk_V8_final_RAL\Logical\Libraries\dvframe\dvframe.typ
C:\Users\km_2\Desktop\Pneutrunk PLC\pneutrunk_V8_final_RAL\Logical\Libraries\dvframe\dvframe.var
C:\Users\km_2\Desktop\Pneutrunk PLC\pneutrunk_V8_final_RAL\Logical\Libraries\AsArLog\AsArLog.fun
C:\Users\km_2\Desktop\Pneutrunk PLC\pneutrunk_V8_final_RAL\Logical\Libraries\AsArLog\AsArLog.typ
C:\Users\km_2\Desktop\Pneutrunk PLC\pneutrunk_V8_final_RAL\Logical\Libraries\AsArLog\AsArLog.var
C:\Users\km_2\Desktop\Pneutrunk PLC\pneutrunk_V8_final_RAL\Logical\Libraries\AsTCP\AsTCP.fun
C:\Users\km_2\Desktop\Pneutrunk PLC\pneutrunk_V8_final_RAL\Logical\Libraries\AsTCP\AsTCP.typ
C:\Users\km_2\Desktop\Pneutrunk PLC\pneutrunk_V8_final_RAL\Logical\Libraries\AsTCP\AsTCP.var
C:\Users\km_2\Desktop\Pneutrunk PLC\pneutrunk_V8_final_RAL\Logical\Libraries\regulatory\regulatory.fun
C:\Users\km_2\Desktop\Pneutrunk PLC\pneutrunk_V8_final_RAL\Logical\Libraries\regulatory\regulatory.typ
C:\Users\km_2\Desktop\Pneutrunk PLC\pneutrunk_V8_final_RAL\Logical\Libraries\regulatory\regulatory.var
C:\Users\km_2\Desktop\Pneutrunk PLC\pneutrunk_V8_final_RAL\Logical\Source\UDP\LibAsUDP1_ST.typ
C:\Users\km_2\Desktop\Pneutrunk PLC\pneutrunk_V8_final_RAL\Logical\Source\UDP\LibAsUDP1_ST.var
C:\Users\km_2\Desktop\Pneutrunk PLC\pneutrunk_V8_final_RAL\Logical\Source\riadenie.var
